(_____ \               (_____ \          | |
 _____) ) _   _  ____   _____) )___    __| |
|  __  / | | | ||  _ \ |  ____// _ \  / _  |
| |  \ \ | |_| || | | || |    | |_| |( (_| |
|_|   |_||____/ |_| |_||_|     \___/  \____|

For detailed documentation and guides, please visit:
https://docs.runpod.io/ and https://blog.runpod.io/


root@e7b076758e76:/workspace# echo "=== DATE ==="; date -Is
=== DATE ===
2026-01-03T13:52:09+00:00
root@e7b076758e76:/workspace# echo "=== HOST/OS ==="; hostname; uname -a; cat /etc/os-release 2>/dev/null || true
=== HOST/OS ===
e7b076758e76
Linux e7b076758e76 6.8.0-59-generic #61-Ubuntu SMP PREEMPT_DYNAMIC Fri Apr 11 23:16:11 UTC 2025 x86_64 x86_64 x86_64 GNU/Linux
PRETTY_NAME="Ubuntu 22.04.5 LTS"
NAME="Ubuntu"
VERSION_ID="22.04"
VERSION="22.04.5 LTS (Jammy Jellyfish)"
VERSION_CODENAME=jammy
ID=ubuntu
ID_LIKE=debian
HOME_URL="https://www.ubuntu.com/"
SUPPORT_URL="https://help.ubuntu.com/"
BUG_REPORT_URL="https://bugs.launchpad.net/ubuntu/"
PRIVACY_POLICY_URL="https://www.ubuntu.com/legal/terms-and-policies/privacy-policy"
UBUNTU_CODENAME=jammy
root@e7b076758e76:/workspace# echo "=== CPU/MEM ==="; (lscpu | sed -n '1,25p') 2>/dev/null || true; free -h || true
=== CPU/MEM ===
Architecture:                         x86_64
CPU op-mode(s):                       32-bit, 64-bit
Address sizes:                        48 bits physical, 48 bits virtual
Byte Order:                           Little Endian
CPU(s):                               128
On-line CPU(s) list:                  0-127
Vendor ID:                            AuthenticAMD
Model name:                           AMD EPYC 75F3 32-Core Processor
CPU family:                           25
Model:                                1
Thread(s) per core:                   2
Core(s) per socket:                   32
Socket(s):                            2
Stepping:                             1
Frequency boost:                      enabled
CPU max MHz:                          4041.8450
CPU min MHz:                          1500.0000
BogoMIPS:                             5899.99
Flags:                                fpu vme de pse tsc msr pae mce cx8 apic sep mtrr pge mca cmov pat pse36 clflush mmx fxsr sse sse2 ht syscall nx mmxext fxsr_opt pdpe1gb rdtscp lm constant_tsc rep_good nopl nonstop_tsc cpuid extd_apicid aperfmperf rapl pni pclmulqdq monitor ssse3 fma cx16 pcid sse4_1 sse4_2 movbe popcnt aes xsave avx f16c rdrand lahf_lm cmp_legacy svm extapic cr8_legacy abm sse4a misalignsse 3dnowprefetch osvw ibs skinit wdt tce topoext perfctr_core perfctr_nb bpext perfctr_llc mwaitx cpb cat_l3 cdp_l3 hw_pstate ssbd mba ibrs ibpb stibp vmmcall fsgsbase bmi1 avx2 smep bmi2 invpcid cqm rdt_a rdseed adx smap clflushopt clwb sha_ni xsaveopt xsavec xgetbv1 xsaves cqm_llc cqm_occup_llc cqm_mbm_total cqm_mbm_local user_shstk clzero irperf xsaveerptr rdpru wbnoinvd amd_ppin brs arat npt lbrv svm_lock nrip_save tsc_scale vmcb_clean flushbyasid decodeassists pausefilter pfthreshold v_vmsave_vmload vgif v_spec_ctrl umip pku ospke vaes vpclmulqdq rdpid overflow_recov succor smca debug_swap
Virtualization:                       AMD-V
L1d cache:                            2 MiB (64 instances)
L1i cache:                            2 MiB (64 instances)
L2 cache:                             32 MiB (64 instances)
L3 cache:                             512 MiB (16 instances)
NUMA node(s):                         2
               total        used        free      shared  buff/cache   available
Mem:           503Gi       110Gi       165Gi       134Mi       227Gi       389Gi
Swap:             0B          0B          0B
root@e7b076758e76:/workspace# echo "=== GPU / DRIVER ==="; nvidia-smi || true
=== GPU / DRIVER ===
Sat Jan  3 13:52:44 2026       
+-----------------------------------------------------------------------------------------+
| NVIDIA-SMI 550.127.05             Driver Version: 550.127.05     CUDA Version: 12.4     |
|-----------------------------------------+------------------------+----------------------+
| GPU  Name                 Persistence-M | Bus-Id          Disp.A | Volatile Uncorr. ECC |
| Fan  Temp   Perf          Pwr:Usage/Cap |           Memory-Usage | GPU-Util  Compute M. |
|                                         |                        |               MIG M. |
|=========================================+========================+======================|
|   0  NVIDIA GeForce RTX 4090        On  |   00000000:E1:00.0 Off |                  Off |
|  0%   30C    P8             18W /  450W |       2MiB /  24564MiB |      0%      Default |
|                                         |                        |                  N/A |
+-----------------------------------------+------------------------+----------------------+
                                                                                         
+-----------------------------------------------------------------------------------------+
| Processes:                                                                              |
|  GPU   GI   CI        PID   Type   Process name                              GPU Memory |
|        ID   ID                                                               Usage      |
|=========================================================================================|
|  No running processes found                                                             |
+-----------------------------------------------------------------------------------------+
root@e7b076758e76:/workspace# echo "=== GPU (detail) ==="; nvidia-smi -q 2>/dev/null | sed -n '1,120p' || true
=== GPU (detail) ===

==============NVSMI LOG==============

Timestamp                                 : Sat Jan  3 13:52:54 2026
Driver Version                            : 550.127.05
CUDA Version                              : 12.4

Attached GPUs                             : 1
GPU 00000000:E1:00.0
    Product Name                          : NVIDIA GeForce RTX 4090
    Product Brand                         : GeForce
    Product Architecture                  : Ada Lovelace
    Display Mode                          : Disabled
    Display Active                        : Disabled
    Persistence Mode                      : Enabled
    Addressing Mode                       : None
    MIG Mode
        Current                           : N/A
        Pending                           : N/A
    Accounting Mode                       : Disabled
    Accounting Mode Buffer Size           : 4000
    Driver Model
        Current                           : N/A
        Pending                           : N/A
    Serial Number                         : N/A
    GPU UUID                              : GPU-7337a56f-1fb6-f0b4-6abc-0b1e9ee59cf3
    Minor Number                          : 4
    VBIOS Version                         : 95.02.3C.00.EB
    MultiGPU Board                        : No
    Board ID                              : 0xe100
    Board Part Number                     : N/A
    GPU Part Number                       : 2684-301-A1
    FRU Part Number                       : N/A
    Module ID                             : 1
    Inforom Version
        Image Version                     : G002.0000.00.03
        OEM Object                        : 2.0
        ECC Object                        : 6.16
        Power Management Object           : N/A
    Inforom BBX Object Flush
        Latest Timestamp                  : N/A
        Latest Duration                   : N/A
    GPU Operation Mode
        Current                           : N/A
        Pending                           : N/A
    GPU C2C Mode                          : N/A
    GPU Virtualization Mode
        Virtualization Mode               : None
        Host VGPU Mode                    : N/A
        vGPU Heterogeneous Mode           : N/A
    GPU Reset Status
        Reset Required                    : No
        Drain and Reset Recommended       : No
    GSP Firmware Version                  : N/A
    IBMNPU
        Relaxed Ordering Mode             : N/A
    PCI
        Bus                               : 0xE1
        Device                            : 0x00
        Domain                            : 0x0000
        Base Classcode                    : 0x3
        Sub Classcode                     : 0x0
        Device Id                         : 0x268410DE
        Bus Id                            : 00000000:E1:00.0
        Sub System Id                     : 0xF29710B0
        GPU Link Info
            PCIe Generation
                Max                       : 4
                Current                   : 1
                Device Current            : 1
                Device Max                : 4
                Host Max                  : 4
            Link Width
                Max                       : 16x
                Current                   : 16x
        Bridge Chip
            Type                          : N/A
            Firmware                      : N/A
        Replays Since Reset               : 0
        Replay Number Rollovers           : 0
        Tx Throughput                     : 50 KB/s
        Rx Throughput                     : 50 KB/s
        Atomic Caps Inbound               : N/A
        Atomic Caps Outbound              : N/A
    Fan Speed                             : 0 %
    Performance State                     : P8
    Clocks Event Reasons
        Idle                              : Active
        Applications Clocks Setting       : Not Active
        SW Power Cap                      : Not Active
        HW Slowdown                       : Not Active
            HW Thermal Slowdown           : Not Active
            HW Power Brake Slowdown       : Not Active
        Sync Boost                        : Not Active
        SW Thermal Slowdown               : Not Active
        Display Clock Setting             : Not Active
    Sparse Operation Mode                 : N/A
    FB Memory Usage
        Total                             : 24564 MiB
        Reserved                          : 354 MiB
        Used                              : 2 MiB
        Free                              : 24210 MiB
    BAR1 Memory Usage
        Total                             : 256 MiB
        Used                              : 2 MiB
        Free                              : 254 MiB
    Conf Compute Protected Memory Usage
        Total                             : 0 MiB
        Used                              : 0 MiB
        Free                              : 0 MiB
    Compute Mode                          : Default
    Utilization
        Gpu                               : 0 %
        Memory                            : 0 %
        Encoder                           : 0 %
        Decoder                           : 0 %
        JPEG                              : 0 %
        OFA                               : 0 %
    Encoder Stats
        Active Sessions                   : 0
root@e7b076758e76:/workspace# echo "=== CUDA TOOLKIT ==="; nvcc --version 2>/dev/null || echo "nvcc not found (toolkit not installed?)"
=== CUDA TOOLKIT ===
nvcc: NVIDIA (R) Cuda compiler driver
Copyright (c) 2005-2024 NVIDIA Corporation
Built on Thu_Mar_28_02:18:24_PDT_2024
Cuda compilation tools, release 12.4, V12.4.131
Build cuda_12.4.r12.4/compiler.34097967_0
root@e7b076758e76:/workspace# echo "=== PYTHON/PIP ==="; python3 -V 2>/dev/null || python -V; pip -V 2>/dev/null || true
=== PYTHON/PIP ===
Python 3.11.10
pip 24.2 from /usr/local/lib/python3.11/dist-packages/pip (python 3.11)
root@e7b076758e76:/workspace# echo "=== TORCH ==="; python3 - << 'PY'
import torch, platform
print("torch:", torch.__version__)
print("cuda_available:", torch.cuda.is_available())
print("torch_cuda:", torch.version.cuda)
print("cudnn:", torch.backends.cudnn.version())
if torch.cuda.is_available():
    print("gpu_name:", torch.cuda.get_device_name(0))
    print("capability:", torch.cuda.get_device_capability(0))
print("python:", platform.python_version())
print("platform:", platform.platform())
PY
=== TORCH ===
torch: 2.4.1+cu124
cuda_available: True
torch_cuda: 12.4
cudnn: 90100
gpu_name: NVIDIA GeForce RTX 4090
capability: (8, 9)
python: 3.11.10
platform: Linux-6.8.0-59-generic-x86_64-with-glibc2.35
root@e7b076758e76:/workspace# echo "=== TRANSFORMERS (if any) ==="; python3 - << 'PY'
import importlib
for m in ["transformers","accelerate","bitsandbytes"]:
    try:
        mod=importlib.import_module(m)
        print(m, getattr(mod,"__version__", "no __version__"))
    except Exception as e:
        print(m, "not installed")
PY
=== TRANSFORMERS (if any) ===
transformers not installed
accelerate not installed
bitsandbytes not installed
root@e7b076758e76:/workspace# 